<h2><a href="https://github.com/johnxnnguyen/Down">Down</a></h2>
