<?xml version="1.0" encoding="UTF-8"?>
<!DOCTYPE document SYSTEM "CommonMark.dtd">
<document xmlns="http://commonmark.org/xml/1.0">
  <heading level="2">
    <link destination="https://github.com/johnxnnguyen/Down" title="">
      <text xml:space="preserve">Down</text>
    </link>
  </heading>
</document>
