\subsection{\href{https://github.com/johnxnnguyen/Down}{Down}}
